******************************************************************************
                  TI ARM Linker PC v20.2.7                     
******************************************************************************
>> Linked Tue Dec  2 23:13:13 2025

OUTPUT FILE NAME:   <project2M.out>
ENTRY POINT SYMBOL: "_c_int00_noargs"  address: 00000e29


MEMORY CONFIGURATION

         name            origin    length      used     unused   attr    fill
----------------------  --------  ---------  --------  --------  ----  --------
  FLASH                 00000000   00040000  00000eb7  0003f149  R  X
  SRAM                  20000000   00008000  00000201  00007dff  RW X


SEGMENT ALLOCATION MAP

run origin  load origin   length   init length attrs members
----------  ----------- ---------- ----------- ----- -------
00000000    00000000    00000eb8   00000eb8    r-x
  00000000    00000000    0000026c   0000026c    r-- .intvecs
  0000026c    0000026c    00000c22   00000c22    r-x .text
  00000e8e    00000e8e    00000011   00000011    r-- .const
  00000ea0    00000ea0    00000018   00000018    r-- .cinit
20000000    20000000    00000201   00000000    rw-
  20000000    20000000    00000200   00000000    rw- .stack
  20000200    20000200    00000001   00000000    rw- .data


SECTION ALLOCATION MAP

 output                                  attributes/
section   page    origin      length       input sections
--------  ----  ----------  ----------   ----------------
.intvecs   0    00000000    0000026c     
                  00000000    0000026c     tm4c123gh6pm_startup_ccs.obj (.intvecs)

.text      0    0000026c    00000c22     
                  0000026c    000003b0     main.obj (.text)
                  0000061c    00000308     CommonTerminalInterface.obj (.text)
                  00000924    000001a8     uart0 (1).obj (.text)
                  00000acc    000000dc     pwm.obj (.text)
                  00000ba8    000000d8     uart1.obj (.text)
                  00000c80    0000009c     rtsv7M4_T_le_v4SPD16_eabi.lib : memcpy_t2.asm.obj (.text)
                  00000d1c    00000068                                   : copy_decompress_lzss.c.obj (.text:decompress:lzss:__TI_decompress_lzss)
                  00000d84    00000060     debug (1).obj (.text)
                  00000de4    00000044     rtsv7M4_T_le_v4SPD16_eabi.lib : autoinit.c.obj (.text:__TI_auto_init_nobinit_nopinit:__TI_auto_init_nobinit_nopinit)
                  00000e28    00000034                                   : boot_cortex_m.c.obj (.text:_c_int00_noargs:_c_int00_noargs)
                  00000e5c    00000010     clock.obj (.text)
                  00000e6c    0000000e     rtsv7M4_T_le_v4SPD16_eabi.lib : copy_decompress_none.c.obj (.text:decompress:none:__TI_decompress_none)
                  00000e7a    0000000c     tm4c123gh6pm_startup_ccs.obj (.text)
                  00000e86    00000004     rtsv7M4_T_le_v4SPD16_eabi.lib : pre_init.c.obj (.text:_system_pre_init)
                  00000e8a    00000004                                   : exit.c.obj (.text:abort:abort)

.const     0    00000e8e    00000011     
                  00000e8e    00000011     debug (1).obj (.const:.string:$P$T0$1)

.cinit     0    00000ea0    00000018     
                  00000ea0    00000008     (__TI_handler_table)
                  00000ea8    00000005     (.cinit..data.load) [load image, compression = lzss]
                  00000ead    00000003     --HOLE-- [fill = 0]
                  00000eb0    00000008     (__TI_cinit_table)

.init_array 
*          0    00000000    00000000     UNINITIALIZED

.data      0    20000200    00000001     UNINITIALIZED
                  20000200    00000001     main.obj (.data)

.stack     0    20000000    00000200     UNINITIALIZED
                  20000000    00000004     rtsv7M4_T_le_v4SPD16_eabi.lib : boot_cortex_m.c.obj (.stack)
                  20000004    000001fc     --HOLE--

__llvm_prf_cnts 
*          0    20000000    00000000     UNINITIALIZED

MODULE SUMMARY

       Module                         code   ro data   rw data
       ------                         ----   -------   -------
    .\
       main.obj                       944    0         1      
       CommonTerminalInterface.obj    776    0         0      
       tm4c123gh6pm_startup_ccs.obj   12     620       0      
       uart0 (1).obj                  424    0         0      
       pwm.obj                        220    0         0      
       uart1.obj                      216    0         0      
       debug (1).obj                  96     17        0      
       clock.obj                      16     0         0      
    +--+------------------------------+------+---------+---------+
       Total:                         2704   637       1      
                                                              
    C:\ti\ccs1281\ccs\tools\compiler\ti-cgt-arm_20.2.7.LTS\lib\rtsv7M4_T_le_v4SPD16_eabi.lib
       memcpy_t2.asm.obj              156    0         0      
       copy_decompress_lzss.c.obj     104    0         0      
       autoinit.c.obj                 68     0         0      
       boot_cortex_m.c.obj            52     0         0      
       copy_decompress_none.c.obj     14     0         0      
       exit.c.obj                     4      0         0      
       pre_init.c.obj                 4      0         0      
    +--+------------------------------+------+---------+---------+
       Total:                         402    0         0      
                                                              
       Stack:                         0      0         512    
       Linker Generated:              0      21        0      
    +--+------------------------------+------+---------+---------+
       Grand Total:                   3106   658       513    


LINKER GENERATED COPY TABLES

__TI_cinit_table @ 00000eb0 records: 1, size/record: 8, table size: 8
	.data: load addr=00000ea8, load size=00000005 bytes, run addr=20000200, run size=00000001 bytes, compression=lzss


LINKER GENERATED HANDLER TABLE

__TI_handler_table @ 00000ea0 records: 2, size/record: 4, table size: 8
	index: 0, handler: __TI_decompress_lzss
	index: 1, handler: __TI_decompress_none


GLOBAL SYMBOLS: SORTED ALPHABETICALLY BY Name 

address   name                          
-------   ----                          
00000e8b  C$$EXIT                       
00000e7b  ResetISR                      
000002bb  UART1Handler                  
20000200  __STACK_END                   
00000200  __STACK_SIZE                  
20000200  __STACK_TOP                   
00000eb0  __TI_CINIT_Base               
00000eb8  __TI_CINIT_Limit              
00000ea0  __TI_Handler_Table_Base       
00000ea8  __TI_Handler_Table_Limit      
00000de5  __TI_auto_init_nobinit_nopinit
00000d1d  __TI_decompress_lzss          
00000e6d  __TI_decompress_none          
ffffffff  __TI_pprof_out_hndl           
ffffffff  __TI_prof_data_size           
ffffffff  __TI_prof_data_start          
00000000  __TI_static_base__            
00000c81  __aeabi_memcpy                
00000c81  __aeabi_memcpy4               
00000c81  __aeabi_memcpy8               
ffffffff  __binit__                     
ffffffff  __c_args__                    
UNDEFED   __mpu_init                    
20000000  __stack                       
20000000  __start___llvm_prf_cnts       
20000000  __stop___llvm_prf_cnts        
00000e29  _c_int00_noargs               
UNDEFED   _system_post_cinit            
00000e87  _system_pre_init              
00000e8b  abort                         
ffffffff  binit                         
00000000  g_pfnVectors                  
000007c1  getFieldInteger               
00000781  getFieldString                
00000a25  getcUart0                     
0000061d  getsUart0                     
00000acd  initPwm                       
00000e5d  initSystemClockTo40Mhz        
00000925  initUart0                     
00000ba9  initUart1                     
0000026d  initUart1RxInterrupt          
0000083d  isCommand                     
00000a65  kbhitUart0                    
00000335  main                          
00000c81  memcpy                        
0000068d  parseFields                   
000009dd  putcUart0                     
000009f9  putsUart0                     
00000999  setUart0BaudRate              
00000c15  setUart1BaudRate              
00000d85  toAsciiHex                    


GLOBAL SYMBOLS: SORTED BY Symbol Address 

address   name                          
-------   ----                          
00000000  __TI_static_base__            
00000000  g_pfnVectors                  
00000200  __STACK_SIZE                  
0000026d  initUart1RxInterrupt          
000002bb  UART1Handler                  
00000335  main                          
0000061d  getsUart0                     
0000068d  parseFields                   
00000781  getFieldString                
000007c1  getFieldInteger               
0000083d  isCommand                     
00000925  initUart0                     
00000999  setUart0BaudRate              
000009dd  putcUart0                     
000009f9  putsUart0                     
00000a25  getcUart0                     
00000a65  kbhitUart0                    
00000acd  initPwm                       
00000ba9  initUart1                     
00000c15  setUart1BaudRate              
00000c81  __aeabi_memcpy                
00000c81  __aeabi_memcpy4               
00000c81  __aeabi_memcpy8               
00000c81  memcpy                        
00000d1d  __TI_decompress_lzss          
00000d85  toAsciiHex                    
00000de5  __TI_auto_init_nobinit_nopinit
00000e29  _c_int00_noargs               
00000e5d  initSystemClockTo40Mhz        
00000e6d  __TI_decompress_none          
00000e7b  ResetISR                      
00000e87  _system_pre_init              
00000e8b  C$$EXIT                       
00000e8b  abort                         
00000ea0  __TI_Handler_Table_Base       
00000ea8  __TI_Handler_Table_Limit      
00000eb0  __TI_CINIT_Base               
00000eb8  __TI_CINIT_Limit              
20000000  __stack                       
20000000  __start___llvm_prf_cnts       
20000000  __stop___llvm_prf_cnts        
20000200  __STACK_END                   
20000200  __STACK_TOP                   
ffffffff  __TI_pprof_out_hndl           
ffffffff  __TI_prof_data_size           
ffffffff  __TI_prof_data_start          
ffffffff  __binit__                     
ffffffff  __c_args__                    
ffffffff  binit                         
UNDEFED   __mpu_init                    
UNDEFED   _system_post_cinit            

[51 symbols]
